TAP version 13
# vercel-deploy-hygiene.test.mjs passed with 11/11 deployed functions and 10 configured overrides
# Subtest: legacy site epoch preflight is a non-destructive compatibility shim
ok 1 - legacy site epoch preflight is a non-destructive compatibility shim
  ---
  duration_ms: 20.910709
  type: 'test'
  ...
# Subtest: legacy reset URL cannot erase browser data or show the old epoch screen
ok 2 - legacy reset URL cannot erase browser data or show the old epoch screen
  ---
  duration_ms: 0.279683
  type: 'test'
  ...
# Subtest: legacy reset endpoint is retired and emits no destructive header
ok 3 - legacy reset endpoint is retired and emits no destructive header
  ---
  duration_ms: 0.446596
  type: 'test'
  ...
# Subtest: Flight rest is selectable in preface and close, and copiable in Glyph Bay
ok 4 - Flight rest is selectable in preface and close, and copiable in Glyph Bay
  ---
  duration_ms: 0.837839
  type: 'test'
  ...
# Subtest: Ash specialist eviction remains retired while the legacy site shim is inert
ok 5 - Ash specialist eviction remains retired while the legacy site shim is inert
  ---
  duration_ms: 0.150898
  type: 'test'
  ...
1..5
# tests 5
# suites 0
# pass 5
# fail 0
# cancelled 0
# skipped 0
# todo 0
# duration_ms 106.893082
