TAP version 13
# gemini-generation-envelope.test.mjs passed
# Subtest: tests/gemini-generation-envelope.test.mjs
ok 1 - tests/gemini-generation-envelope.test.mjs
  ---
  duration_ms: 103.804336
  type: 'test'
  ...
# khonapolit-api-contract: causal one-generation relay, receipt, and operator-open seal contract ok
# Subtest: tests/khonapolit-api-contract.test.mjs
ok 2 - tests/khonapolit-api-contract.test.mjs
  ---
  duration_ms: 147.093156
  type: 'test'
  ...
# Subtest: real local PostgreSQL accepts the migration and retains reservation and completion metadata
ok 3 - real local PostgreSQL accepts the migration and retains reservation and completion metadata
  ---
  duration_ms: 1651.697333
  type: 'test'
  ...
# Subtest: duplicate reservations queued against the local engine commit exactly once
ok 4 - duplicate reservations queued against the local engine commit exactly once
  ---
  duration_ms: 1162.231163
  type: 'test'
  ...
# Subtest: financial ceiling and call ceiling rollback without refunds or partial insertion
ok 5 - financial ceiling and call ceiling rollback without refunds or partial insertion
  ---
  duration_ms: 2322.779208
  type: 'test'
  ...
# Subtest: missing, wrong and failed predecessors cannot authorize a continuation
ok 6 - missing, wrong and failed predecessors cannot authorize a continuation
  ---
  duration_ms: 1156.277719
  type: 'test'
  ...
# Subtest: completion is single-use and failed transport closes the run to further calls
ok 7 - completion is single-use and failed transport closes the run to further calls
  ---
  duration_ms: 2172.648969
  type: 'test'
  ...
# Subtest: wrong capability, changed artifact, second-provider slot and inflated output cap preserve zero spend
ok 8 - wrong capability, changed artifact, second-provider slot and inflated output cap preserve zero spend
  ---
  duration_ms: 1086.203463
  type: 'test'
  ...
# Subtest: workload authentication verifies RSA signature and exact owner/project/environment/time
ok 9 - workload authentication verifies RSA signature and exact owner/project/environment/time
  ---
  duration_ms: 20.16255
  type: 'test'
  ...
# Subtest: a mutated policy cannot silently reuse the old run commitment
ok 10 - a mutated policy cannot silently reuse the old run commitment
  ---
  duration_ms: 1060.233743
  type: 'test'
  ...
# Subtest: full corrected packet reaches one explicit provider request after durable reservation
ok 11 - full corrected packet reaches one explicit provider request after durable reservation
  ---
  duration_ms: 13.266289
  type: 'test'
  ...
# Subtest: disabled and unauthorized requests cannot inspect the ledger or generate
ok 12 - disabled and unauthorized requests cannot inspect the ledger or generate
  ---
  duration_ms: 7.501358
  type: 'test'
  ...
# Subtest: missing numerical limits, expired policy and missing pricing fail closed
ok 13 - missing numerical limits, expired policy and missing pricing fail closed
  ---
  duration_ms: 0.829637
  type: 'test'
  ...
# Subtest: changed artifact, added tool request, wrong source and unregistered trial do not generate
ok 14 - changed artifact, added tool request, wrong source and unregistered trial do not generate
  ---
  duration_ms: 18.61021
  type: 'test'
  ...
# Subtest: the second provider slot cannot be silently filled by this Gemini conduit
ok 15 - the second provider slot cannot be silently filled by this Gemini conduit
  ---
  duration_ms: 2.008241
  type: 'test'
  ...
# Subtest: credential material cannot enter outbound input or releasable response
ok 16 - credential material cannot enter outbound input or releasable response
  ---
  duration_ms: 7.489651
  type: 'test'
  ...
# Subtest: budget refusal or mismatched reservation prevents generation
ok 17 - budget refusal or mismatched reservation prevents generation
  ---
  duration_ms: 9.902305
  type: 'test'
  ...
# Subtest: non-success, truncated, wrong-model and over-budget returns retain one failed call without retry
ok 18 - non-success, truncated, wrong-model and over-budget returns retain one failed call without retry
  ---
  duration_ms: 23.359823
  type: 'test'
  ...
# Subtest: response byte overflow retains a bounded prefix and identifies incomplete capture
ok 19 - response byte overflow retains a bounded prefix and identifies incomplete capture
  ---
  duration_ms: 8.835604
  type: 'test'
  ...
# Subtest: failed completion cannot be presented as a completed provider trial
ok 20 - failed completion cannot be presented as a completed provider trial
  ---
  duration_ms: 9.621048
  type: 'test'
  ...
# Subtest: budget client rejects arbitrary endpoints and missing workload identity
ok 21 - budget client rejects arbitrary endpoints and missing workload identity
  ---
  duration_ms: 0.595723
  type: 'test'
  ...
# Subtest: budget function verifies workload before body parsing or database work
ok 22 - budget function verifies workload before body parsing or database work
  ---
  duration_ms: 1.608536
  type: 'test'
  ...
# Subtest: client retains exact mock bytes, keeps fixture evidence class, and rejects existing attempts
ok 23 - client retains exact mock bytes, keeps fixture evidence class, and rejects existing attempts
  ---
  duration_ms: 11.063713
  type: 'test'
  ...
# Subtest: client cannot continue using fixture captures or wrong predecessor identity
ok 24 - client cannot continue using fixture captures or wrong predecessor identity
  ---
  duration_ms: 0.760632
  type: 'test'
  ...
# Subtest: canonical API dispatch and deployment packaging preserve dedicated bounded operation
ok 25 - canonical API dispatch and deployment packaging preserve dedicated bounded operation
  ---
  duration_ms: 0.37633
  type: 'test'
  ...
# vercel-deploy-hygiene.test.mjs passed with 11/11 deployed functions and 10 configured overrides
# node:internal/modules/esm/resolve:271
#     throw new ERR_MODULE_NOT_FOUND(
#           ^
# Error [ERR_MODULE_NOT_FOUND]: Cannot find module '/workspace/scratch/fa8b964b1a68/TD613-assay-course-recovery/lib/site-epoch-reset.js' imported from /workspace/scratch/fa8b964b1a68/TD613-assay-course-recovery/tests/sitewide-browser-epoch.test.mjs
#     at finalizeResolution (node:internal/modules/esm/resolve:271:11)
#     at moduleResolve (node:internal/modules/esm/resolve:865:10)
#     at defaultResolve (node:internal/modules/esm/resolve:992:11)
#     at \#cachedDefaultResolve (node:internal/modules/esm/loader:701:20)
#     at \#resolveAndMaybeBlockOnLoaderThread (node:internal/modules/esm/loader:721:38)
#     at ModuleLoader.resolveSync (node:internal/modules/esm/loader:759:56)
#     at \#resolve (node:internal/modules/esm/loader:683:17)
#     at ModuleLoader.getOrCreateModuleJob (node:internal/modules/esm/loader:603:35)
#     at ModuleJob.syncLink (node:internal/modules/esm/module_job:163:33)
#     at ModuleJob.link (node:internal/modules/esm/module_job:253:17) {
#   code: 'ERR_MODULE_NOT_FOUND',
#   url: 'file:///workspace/scratch/fa8b964b1a68/TD613-assay-course-recovery/lib/site-epoch-reset.js'
# }
# Node.js v24.19.0
# Subtest: tests/vercel-deploy-hygiene.test.mjs
not ok 5 - tests/vercel-deploy-hygiene.test.mjs
  ---
  duration_ms: 80.857087
  type: 'test'
  location: '/workspace/scratch/fa8b964b1a68/TD613-assay-course-recovery/tests/vercel-deploy-hygiene.test.mjs:1:1'
  failureType: 'testCodeFailure'
  exitCode: 1
  signal: ~
  error: 'test failed'
  code: 'ERR_TEST_FAILURE'
  ...
# Workflow estate closed at 4/4 durable workflows: validation, release, relock/research safety, and Pages remain authority-distinct.
# Subtest: tests/workflow-estate.test.mjs
ok 6 - tests/workflow-estate.test.mjs
  ---
  duration_ms: 106.352174
  type: 'test'
  ...
1..27
# tests 27
# suites 0
# pass 26
# fail 1
# cancelled 0
# skipped 0
# todo 0
# duration_ms 10792.115425
